// Jest Snapshot v1, https://goo.gl/fbAQLP

exports[`Match snapshot 1`] = `
<div>
  <main>
    <form
      autocomplete="off"
      class="container"
    >
      <div
        class="form-group"
      >
        <label
          class=""
          for="login"
        >
          Login:
        </label>
        <input
          aria-invalid="false"
          class="form-control"
          id="login"
          name="login"
          placeholder="Enter login"
          required=""
          type="text"
          value=""
        />
      </div>
      <div
        class="form-group"
      >
        <label
          class=""
          for="password"
        >
          Password:
        </label>
        <input
          aria-invalid="false"
          class="form-control"
          id="password"
          name="password"
          placeholder="Enter password"
          required=""
          type="password"
          value=""
        />
      </div>
      <section
        class="controls"
      >
        <button
          class="btn btn-secondary"
          data-testid="login-submit-button"
          type="submit"
        >
          Login
        </button>
        <a
          class="link"
          href="/signup"
        >
          Signup
        </a>
      </section>
    </form>
  </main>
</div>
`;
